Archive member included to satisfy reference by file (symbol)

c:/program files/microchip/xc8/v2.36/avr/bin/../lib/gcc/avr/5.4.0/../../../../avr/lib/avr5/memx-const\libm.a(divsf3.o)
                              APP/App.o (__divsf3)
c:/program files/microchip/xc8/v2.36/avr/bin/../lib/gcc/avr/5.4.0/../../../../avr/lib/avr5/memx-const\libm.a(divsf3x.o)
                              c:/program files/microchip/xc8/v2.36/avr/bin/../lib/gcc/avr/5.4.0/../../../../avr/lib/avr5/memx-const\libm.a(divsf3.o) (__divsf3x)
c:/program files/microchip/xc8/v2.36/avr/bin/../lib/gcc/avr/5.4.0/../../../../avr/lib/avr5/memx-const\libm.a(fixsfsi.o)
                              APP/App.o (__fixsfsi)
c:/program files/microchip/xc8/v2.36/avr/bin/../lib/gcc/avr/5.4.0/../../../../avr/lib/avr5/memx-const\libm.a(fixunssfsi.o)
                              c:/program files/microchip/xc8/v2.36/avr/bin/../lib/gcc/avr/5.4.0/../../../../avr/lib/avr5/memx-const\libm.a(fixsfsi.o) (__fixunssfsi)
c:/program files/microchip/xc8/v2.36/avr/bin/../lib/gcc/avr/5.4.0/../../../../avr/lib/avr5/memx-const\libm.a(floatundisf.o)
                              APP/App.o (__floatundisf)
c:/program files/microchip/xc8/v2.36/avr/bin/../lib/gcc/avr/5.4.0/../../../../avr/lib/avr5/memx-const\libm.a(fp_inf.o)
                              c:/program files/microchip/xc8/v2.36/avr/bin/../lib/gcc/avr/5.4.0/../../../../avr/lib/avr5/memx-const\libm.a(divsf3x.o) (__fp_inf)
c:/program files/microchip/xc8/v2.36/avr/bin/../lib/gcc/avr/5.4.0/../../../../avr/lib/avr5/memx-const\libm.a(fp_nan.o)
                              c:/program files/microchip/xc8/v2.36/avr/bin/../lib/gcc/avr/5.4.0/../../../../avr/lib/avr5/memx-const\libm.a(divsf3x.o) (__fp_nan)
c:/program files/microchip/xc8/v2.36/avr/bin/../lib/gcc/avr/5.4.0/../../../../avr/lib/avr5/memx-const\libm.a(fp_pscA.o)
                              c:/program files/microchip/xc8/v2.36/avr/bin/../lib/gcc/avr/5.4.0/../../../../avr/lib/avr5/memx-const\libm.a(divsf3x.o) (__fp_pscA)
c:/program files/microchip/xc8/v2.36/avr/bin/../lib/gcc/avr/5.4.0/../../../../avr/lib/avr5/memx-const\libm.a(fp_pscB.o)
                              c:/program files/microchip/xc8/v2.36/avr/bin/../lib/gcc/avr/5.4.0/../../../../avr/lib/avr5/memx-const\libm.a(divsf3x.o) (__fp_pscB)
c:/program files/microchip/xc8/v2.36/avr/bin/../lib/gcc/avr/5.4.0/../../../../avr/lib/avr5/memx-const\libm.a(fp_round.o)
                              c:/program files/microchip/xc8/v2.36/avr/bin/../lib/gcc/avr/5.4.0/../../../../avr/lib/avr5/memx-const\libm.a(divsf3.o) (__fp_round)
c:/program files/microchip/xc8/v2.36/avr/bin/../lib/gcc/avr/5.4.0/../../../../avr/lib/avr5/memx-const\libm.a(fp_split3.o)
                              c:/program files/microchip/xc8/v2.36/avr/bin/../lib/gcc/avr/5.4.0/../../../../avr/lib/avr5/memx-const\libm.a(divsf3x.o) (__fp_split3)
c:/program files/microchip/xc8/v2.36/avr/bin/../lib/gcc/avr/5.4.0/../../../../avr/lib/avr5/memx-const\libm.a(fp_zero.o)
                              c:/program files/microchip/xc8/v2.36/avr/bin/../lib/gcc/avr/5.4.0/../../../../avr/lib/avr5/memx-const\libm.a(fixunssfsi.o) (__fp_zero)
c:/program files/microchip/xc8/v2.36/avr/bin/../lib/gcc/avr/5.4.0/../../../../avr/lib/avr5/memx-const\libm.a(mulsf3.o)
                              APP/App.o (__mulsf3)
c:/program files/microchip/xc8/v2.36/avr/bin/../lib/gcc/avr/5.4.0/../../../../avr/lib/avr5/memx-const\libm.a(mulsf3x.o)
                              c:/program files/microchip/xc8/v2.36/avr/bin/../lib/gcc/avr/5.4.0/../../../../avr/lib/avr5/memx-const\libm.a(mulsf3.o) (__mulsf3x)
c:/program files/microchip/xc8/v2.36/avr/bin/../lib/gcc/avr/5.4.0/avr5/memx-const\libgcc.a(_divmodhi4.o)
                              MCAL/PWM0/PWM0_program.o (__divmodhi4)
c:/program files/microchip/xc8/v2.36/avr/bin/../lib/gcc/avr/5.4.0/avr5/memx-const\libgcc.a(_tablejump2.o)
                              HAL/GLCD/GLCD.o (__tablejump2__)
c:/program files/microchip/xc8/v2.36/avr/bin/../lib/gcc/avr/5.4.0/avr5/memx-const\libgcc.a(_copy_data.o)
                              APP/App.o (__do_clear_bss)
c:/program files/microchip/xc8/v2.36/avr/bin/../lib/gcc/avr/5.4.0/avr5/memx-const\libgcc.a(_ashldi3.o)
                              APP/App.o (__ashldi3)
c:/program files/microchip/xc8/v2.36/avr/bin/../lib/gcc/avr/5.4.0/avr5/memx-const\libgcc.a(_ashrdi3.o)
                              HAL/GLCD/GLCD.o (__lshrdi3)
c:/program files/microchip/xc8/v2.36/avr/bin/../lib/gcc/avr/5.4.0/avr5/memx-const\libgcc.a(_adddi3.o)
                              APP/App.o (__adddi3)
c:/program files/microchip/xc8/v2.36/avr/bin/../lib/gcc/avr/5.4.0/avr5/memx-const\libgcc.a(_adddi3_s8.o)
                              APP/App.o (__adddi3_s8)
c:/program files/microchip/xc8/v2.36/avr/bin/../lib/gcc/avr/5.4.0/avr5/memx-const\libgcc.a(_subdi3.o)
                              APP/App.o (__subdi3)
c:/program files/microchip/xc8/v2.36/avr/bin/../lib/gcc/avr/5.4.0/avr5/memx-const\libgcc.a(_cmpdi2_s8.o)
[...]
Memory Configuration

Name             Origin             Length             Attributes
text             0x0000000000000000 0x0000000000008000 xr
data             0x0000000000800060 0x0000000000000800 rw !x
eeprom           0x0000000000810000 0x0000000000000400 rw !x
fuse             0x0000000000820000 0x0000000000000002 rw !x
lock             0x0000000000830000 0x0000000000000400 rw !x
signature        0x0000000000840000 0x0000000000000400 rw !x
user_signatures  0x0000000000850000 0x0000000000000400 rw !x
*default*        0x0000000000000000 0xffffffffffffffff

Linker script and memory map

LOAD C:/Program Files (x86)/Atmel/Studio/7.0/Packs/atmel/ATmega_DFP/1.6.364/xc8/avr/lib/avr5/memx-const/crtatmega32a.o
LOAD APP/App.o
LOAD HAL/GLCD/GLCD.o
LOAD main.o
LOAD MCAL/DIO/DIO.o
LOAD MCAL/EXTI/EXTI_program.o
LOAD MCAL/GI/GI_program.o
LOAD MCAL/PWM0/PWM0_program.o
LOAD MCAL/TMR1/TMR1_program.o
START GROUP
LOAD c:/program files/microchip/xc8/v2.36/avr/bin/../lib/gcc/avr/5.4.0/../../../../avr/lib/avr5/memx-const\libm.a
END GROUP
START GROUP
LOAD c:/program files/microchip/xc8/v2.36/avr/bin/../lib/gcc/avr/5.4.0/avr5/memx-const\libgcc.a
LOAD c:/program files/microchip/xc8/v2.36/avr/bin/../lib/gcc/avr/5.4.0/../../../../avr/lib/avr5/memx-const\libm.a
LOAD c:/program files/microchip/xc8/v2.36/avr/bin/../lib/gcc/avr/5.4.0/../../../../avr/lib/avr5/memx-const\libc.a
LOAD C:/Program Files (x86)/Atmel/Studio/7.0/Packs/atmel/ATmega_DFP/1.6.364/xc8/avr/lib/avr5/memx-const\libatmega32a.a
END GROUP
                [0x0000000000000000]                __TEXT_REGION_ORIGIN__ = DEFINED (__TEXT_REGION_ORIGIN__)?__TEXT_REGION_ORIGIN__:0x0
                [0x0000000000800060]                __DATA_REGION_ORIGIN__ = DEFINED (__DATA_REGION_ORIGIN__)?__DATA_REGION_ORIGIN__:0x800060
                [0x0000000000008000]                __TEXT_REGION_LENGTH__ = DEFINED (__TEXT_REGION_LENGTH__)?__TEXT_REGION_LENGTH__:0x20000
                [0x0000000000000800]                __DATA_REGION_LENGTH__ = DEFINED (__DATA_REGION_LENGTH__)?__DATA_REGION_LENGTH__:0xffa0
                [0x0000000000000400]                __EEPROM_REGION_LENGTH__ = DEFINED (__EEPROM_REGION_LENGTH__)?__EEPROM_REGION_LENGTH__:0x10000
                [0x0000000000000002]                __FUSE_REGION_LENGTH__ = DEFINED (__FUSE_REGION_LENGTH__)?__FUSE_REGION_LENGTH__:0x400
                0x0000000000000400                __LOCK_REGION_LENGTH__ = DEFINED (__LOCK_REGION_LENGTH__)?__LOCK_REGION_LENGTH__:0x400
                0x0000000000000400                __SIGNATURE_REGION_LENGTH__ = DEFINED (__SIGNATURE_REGION_LENGTH__)?__SIGNATURE_REGION_LENGTH__:0x400
                0x0000000000000400                __USER_SIGNATURE_REGION_LENGTH__ = DEFINED (__USER_SIGNATURE_REGION_LENGTH__)?__USER_SIGNATURE_REGION_LENGTH__:0x400

.hash
 *(.hash)

.dynsym
 *(.dynsym)

.dynstr
 *(.dynstr)

.gnu.version
 *(.gnu.version)

.gnu.version_d
 *(.gnu.version_d)

.gnu.version_r
 *(.gnu.version_r)

.rel.init
 *(.rel.init)

.rela.init
 *(.rela.init)

.rel.text
 *(.rel.text)
 *(.rel.text.*)
 *(.rel.gnu.linkonce.t*)

.rela.text
 *(.rela.text)
 *(.rela.text.*)
 *(.rela.gnu.linkonce.t*)

.rel.fini
 *(.rel.fini)

.rela.fini
 *(.rela.fini)

.rel.rodata
 *(.rel.rodata)
 *(.rel.rodata.*)
 *(.rel.gnu.linkonce.r*)

.rela.rodata
 *(.rela.rodata)
 *(.rela.rodata.*)
 *(.rela.gnu.linkonce.r*)

.rel.data
 *(.rel.data)
 *(.rel.data.*)
 *(.rel.gnu.linkonce.d*)

.rela.data
 *(.rela.data)
 *(.rela.data.*)
 *(.rela.gnu.linkonce.d*)

.rel.ctors
 *(.rel.ctors)

.rela.ctors
 *(.rela.ctors)

.rel.dtors
 *(.rel.dtors)

.rela.dtors
 *(.rela.dtors)

.rel.got
 *(.rel.got)

.rela.got
 *(.rela.got)

.rel.bss
 *(.rel.bss)

.rela.bss
 *(.rela.bss)

.rel.plt
 *(.rel.plt)

.rela.plt
 *(.rela.plt)

.text           0x0000000000000000      0x164
 *(.vectors)
 .vectors       0x0000000000000000       0x54 C:/Program Files (x86)/Atmel/Studio/7.0/Packs/atmel/ATmega_DFP/1.6.364/xc8/avr/lib/avr5/memx-const/crtatmega32a.o
                0x0000000000000000                __vector_default
                0x0000000000000000                __vectors
 *(.vectors)
 *(.progmem.gcc*)
 .progmem.gcc_sw_table.GLCD_DisplayCharacter
                0x0000000000000054       0xb6 HAL/GLCD/GLCD.o
 *(.dinit)
 .dinit         0x000000000000010a        0x5 data_init
                0x0000000000000110                . = ALIGN (0x2)
 *fill*         0x000000000000010f        0x1 
                0x0000000000000110                __trampolines_start = .
 *(.trampolines)
 .trampolines   0x0000000000000110        0x0 linker stubs
 *(.trampolines*)
                0x0000000000000110                __trampolines_end = .
 *libprintf_flt.a:*(.progmem.data)
 *libc.a:*(.progmem.data)
                0x0000000000000110                . = ALIGN (0x2)
 *(.jumptables)
 *(.jumptables*)
 *(.lowtext)
 *(.lowtext*)
                0x0000000000000110                __ctors_start = .
 *(.ctors)
                0x0000000000000110                __ctors_end = .
                0x0000000000000110                __dtors_start = .
 *(.dtors)
                0x0000000000000110                __dtors_end = .
 SORT(*)(.ctors)
 SORT(*)(.dtors)
 *(.init0)
 .init0         0x0000000000000110        0x0 C:/Program Files (x86)/Atmel/Studio/7.0/Packs/atmel/ATmega_DFP/1.6.364/xc8/avr/lib/avr5/memx-const/crtatmega32a.o
                0x0000000000000110                __init
 *(.init0)
 *(.init1)
 *(.init1)
 *(.init2)
 .init2         0x0000000000000110        0xc C:/Program Files (x86)/Atmel/Studio/7.0/Packs/atmel/ATmega_DFP/1.6.364/xc8/avr/lib/avr5/memx-const/crtatmega32a.o
 *(.init2)
 *(.init3)
 *(.init3)
 *(.init4)
 .init4         0x000000000000011c       0x3c c:/program files/microchip/xc8/v2.36/avr/bin/../lib/gcc/avr/5.4.0/avr5/memx-const\libgcc.a(_copy_data.o)
                0x000000000000011c                __do_copy_data
                0x000000000000014a                __do_clear_bss
 *(.init4)
 *(.init5)
 *(.init5)
 *(.init6)
 *(.init6)
 *(.init7)
 *(.init7)
 *(.init8)
 *(.init8)
 *(.init9)
 .init9         0x0000000000000158        0x8 C:/Program Files (x86)/Atmel/Studio/7.0/Packs/atmel/ATmega_DFP/1.6.364/xc8/avr/lib/avr5/memx-const/crtatmega32a.o
 *(.init9)
                0x0000000000000160                . = ALIGN (0x2)
 *(.fini9)
 .fini9         0x0000000000000160        0x0 c:/program files/microchip/xc8/v2.36/avr/bin/../lib/gcc/avr/5.4.0/avr5/memx-const\libgcc.a(_exit.o)
                0x0000000000000160                _exit
 *(.fini9)
 *(.fini8)
 *(.fini8)
 *(.fini7)
 *(.fini7)
 *(.fini6)
 *(.fini6)
 *(.fini5)
 *(.fini5)
 *(.fini4)
 *(.fini4)
 *(.fini3)
 *(.fini3)
 *(.fini2)
 *(.fini2)
 *(.fini1)
 *(.fini1)
 *(.fini0)
 .fini0         0x0000000000000160        0x4 c:/program files/microchip/xc8/v2.36/avr/bin/../lib/gcc/avr/5.4.0/avr5/memx-const\libgcc.a(_exit.o)
 *(.fini0)
                0x0000000000000164                _etext = .

.data           0x0000000000800060        0x0 load address 0x0000000000000164
                [!provide]                        PROVIDE (__data_start, .)
 *(.gnu.linkonce.d*)
 *(.gnu.linkonce.r*)
                0x0000000000800060                . = ALIGN (0x2)
                0x0000000000800060                _edata = .
                [!provide]                        PROVIDE (__data_end, .)

.bss            0x0000000000800060       0x22
                [!provide]                        PROVIDE (__bss_start, .)
 *(COMMON)
 COMMON         0x0000000000800060       0x20 APP/App.o
                0x0000000000800060                totalTime
                0x0000000000800068                Time_On
                0x0000000000800070                freq
                0x0000000000800074                Time_Off
                0x000000000080007c                duty_cycle
 COMMON         0x0000000000800080        0x2 c:/program files/microchip/xc8/v2.36/avr/bin/../lib/gcc/avr/5.4.0/../../../../avr/lib/avr5/memx-const\libc.a(errno.o)
                0x0000000000800080                __errno_val
                [!provide]                        PROVIDE (__bss_end, .)
                0x0000000000000164                __data_load_start = LOADADDR (.data)
                0x0000000000000164                __data_load_end = (__data_load_start + SIZEOF (.data))

.noinit         0x0000000000800082        0x0
                [!provide]                        PROVIDE (__noinit_start, .)
 *(.noinit*)
                [!provide]                        PROVIDE (__noinit_end, .)
                0x0000000000800082                _end = .

.eeprom         0x0000000000810000        0x0
 *(.eeprom*)
                0x0000000000810000                __eeprom_end = .

.fuse
 *(.fuse)
 *(.lfuse)
 *(.hfuse)
 *(.efuse)

.lock
 *(.lock*)

.signature
 *(.signature*)

.user_signatures
 *(.user_signatures*)

.stab
 *(.stab)

.stabstr
 *(.stabstr)

.stab.excl
 *(.stab.excl)

.stab.exclstr
 *(.stab.exclstr)

.stab.index
 *(.stab.index)

.stab.indexstr
 *(.stab.indexstr)

.comment        0x0000000000000000       0x2f
 *(.comment)
 .comment       0x0000000000000000       0x2f APP/App.o
                                         0x30 (size before relaxing)
 .comment       0x000000000000002f       0x30 HAL/GLCD/GLCD.o
 .comment       0x000000000000002f       0x30 main.o
 .comment       0x000000000000002f       0x30 MCAL/DIO/DIO.o
 .comment       0x000000000000002f       0x30 MCAL/GI/GI_program.o
 .comment       0x000000000000002f       0x30 MCAL/PWM0/PWM0_program.o
 .comment       0x000000000000002f       0x30 c:/program files/microchip/xc8/v2.36/avr/bin/../lib/gcc/avr/5.4.0/../../../../avr/lib/avr5/memx-const\libc.a(exit.o)
 .comment       0x000000000000002f       0x30 c:/program files/microchip/xc8/v2.36/avr/bin/../lib/gcc/avr/5.4.0/../../../../avr/lib/avr5/memx-const\libc.a(__sio_sprintf_f.o)
 .comment       0x000000000000002f       0x30 c:/program files/microchip/xc8/v2.36/avr/bin/../lib/gcc/avr/5.4.0/../../../../avr/lib/avr5/memx-const\libc.a(__fmt_fp.o)
 .comment       0x000000000000002f       0x30 c:/program files/microchip/xc8/v2.36/avr/bin/../lib/gcc/avr/5.4.0/../../../../avr/lib/avr5/memx-const\libc.a(__printf_core.o)
 .comment       0x000000000000002f       0x30 c:/program files/microchip/xc8/v2.36/avr/bin/../lib/gcc/avr/5.4.0/../../../../avr/lib/avr5/memx-const\libc.a(fputc.o)
 .comment       0x000000000000002f       0x30 c:/program files/microchip/xc8/v2.36/avr/bin/../lib/gcc/avr/5.4.0/../../../../avr/lib/avr5/memx-const\libc.a(__pop_float.o)
 .comment       0x000000000000002f       0x30 c:/program files/microchip/xc8/v2.36/avr/bin/../lib/gcc/avr/5.4.0/../../../../avr/lib/avr5/memx-const\libc.a(__pop_int.o)
 .comment       0x000000000000002f       0x30 c:/program files/microchip/xc8/v2.36/avr/bin/../lib/gcc/avr/5.4.0/../../../../avr/lib/avr5/memx-const\libc.a(__pop_ptr.o)
 .comment       0x000000000000002f       0x30 c:/program files/microchip/xc8/v2.36/avr/bin/../lib/gcc/avr/5.4.0/../../../../avr/lib/avr5/memx-const\libc.a(atoi.o)
 .comment       0x000000000000002f       0x30 c:/program files/microchip/xc8/v2.36/avr/bin/../lib/gcc/avr/5.4.0/../../../../avr/lib/avr5/memx-const\libc.a(memset.o)
 .comment       0x000000000000002f       0x30 c:/program files/microchip/xc8/v2.36/avr/bin/../lib/gcc/avr/5.4.0/../../../../avr/lib/avr5/memx-const\libc.a(strcpy.o)
 .comment       0x000000000000002f       0x30 c:/program files/microchip/xc8/v2.36/avr/bin/../lib/gcc/avr/5.4.0/../../../../avr/lib/avr5/memx-const\libc.a(strlen.o)
 .comment       0x000000000000002f       0x30 c:/program files/microchip/xc8/v2.36/avr/bin/../lib/gcc/avr/5.4.0/../../../../avr/lib/avr5/memx-const\libc.a(tolower.o)
 .comment       0x000000000000002f       0x30 c:/program files/microchip/xc8/v2.36/avr/bin/../lib/gcc/avr/5.4.0/../../../../avr/lib/avr5/memx-const\libc.a(errno.o)
 .comment       0x000000000000002f       0x30 c:/program files/microchip/xc8/v2.36/avr/bin/../lib/gcc/avr/5.4.0/../../../../avr/lib/avr5/memx-const\libc.a(_Exit.o)
 .comment       0x000000000000002f       0x30 c:/program files/microchip/xc8/v2.36/avr/bin/../lib/gcc/avr/5.4.0/../../../../avr/lib/avr5/memx-const\libc.a(__int_vsprintf.o)
 .comment       0x000000000000002f       0x30 c:/program files/microchip/xc8/v2.36/avr/bin/../lib/gcc/avr/5.4.0/../../../../avr/lib/avr5/memx-const\libc.a(__int_vsnprintf.o)
 .comment       0x000000000000002f       0x30 c:/program files/microchip/xc8/v2.36/avr/bin/../lib/gcc/avr/5.4.0/../../../../avr/lib/avr5/memx-const\libc.a(__int_vfprintf.o)
 .comment       0x000000000000002f       0x30 c:/program files/microchip/xc8/v2.36/avr/bin/../lib/gcc/avr/5.4.0/../../../../avr/lib/avr5/memx-const\libm.a(floorf.o)
 .comment       0x000000000000002f       0x30 c:/program files/microchip/xc8/v2.36/avr/bin/../lib/gcc/avr/5.4.0/../../../../avr/lib/avr5/memx-const\libm.a(fmaf.o)

.stack.descriptors.hdr
                0x0000000000000000      0x1a4
 .stack.descriptors.hdr
                0x0000000000000000        0xe c:/program files/microchip/xc8/v2.36/avr/bin/../lib/gcc/avr/5.4.0/../../../../avr/lib/avr5/memx-const\libm.a(divsf3.o)
 .stack.descriptors.hdr
                0x000000000000000e        0xe c:/program files/microchip/xc8/v2.36/avr/bin/../lib/gcc/avr/5.4.0/../../../../avr/lib/avr5/memx-const\libm.a(divsf3x.o)
 .stack.descriptors.hdr
                0x000000000000001c        0xe c:/program files/microchip/xc8/v2.36/avr/bin/../lib/gcc/avr/5.4.0/../../../../avr/lib/avr5/memx-const\libm.a(fixsfsi.o)
 .stack.descriptors.hdr
                0x000000000000002a        0xe c:/program files/microchip/xc8/v2.36/avr/bin/../lib/gcc/avr/5.4.0/../../../../avr/lib/avr5/memx-const\libm.a(fixunssfsi.o)
 .stack.descriptors.hdr
                0x0000000000000038        0xe c:/program files/microchip/xc8/v2.36/avr/bin/../lib/gcc/avr/5.4.0/../../../../avr/lib/avr5/memx-const\libm.a(floatundisf.o)
 .stack.descriptors.hdr
                0x0000000000000046        0xe c:/program files/microchip/xc8/v2.36/avr/bin/../lib/gcc/avr/5.4.0/../../../../avr/lib/avr5/memx-const\libm.a(fp_inf.o)
 .stack.descriptors.hdr
                0x0000000000000054        0xe c:/program files/microchip/xc8/v2.36/avr/bin/../lib/gcc/avr/5.4.0/../../../../avr/lib/avr5/memx-const\libm.a(fp_nan.o)
 .stack.descriptors.hdr
                0x0000000000000062        0xe c:/program files/microchip/xc8/v2.36/avr/bin/../lib/gcc/avr/5.4.0/../../../../avr/lib/avr5/memx-const\libm.a(fp_pscA.o)
 .stack.descriptors.hdr
                0x0000000000000070        0xe c:/program files/microchip/xc8/v2.36/avr/bin/../lib/gcc/avr/5.4.0/../../../../avr/lib/avr5/memx-const\libm.a(fp_pscB.o)
 .stack.descriptors.hdr
                0x000000000000007e        0xe c:/program files/microchip/xc8/v2.36/avr/bin/../lib/gcc/avr/5.4.0/../../../../avr/lib/avr5/memx-const\libm.a(fp_round.o)
 .stack.descriptors.hdr
                0x000000000000008c        0xe c:/program files/microchip/xc8/v2.36/avr/bin/../lib/gcc/avr/5.4.0/../../../../avr/lib/avr5/memx-const\libm.a(fp_split3.o)
 .stack.descriptors.hdr
                0x000000000000009a        0xe c:/program files/microchip/xc8/v2.36/avr/bin/../lib/gcc/avr/5.4.0/../../../../avr/lib/avr5/memx-const\libm.a(fp_zero.o)
 .stack.descriptors.hdr
                0x00000000000000a8        0xe c:/program files/microchip/xc8/v2.36/avr/bin/../lib/gcc/avr/5.4.0/../../../../avr/lib/avr5/memx-const\libm.a(mulsf3.o)
 .stack.descriptors.hdr
                0x00000000000000b6        0xe c:/program files/microchip/xc8/v2.36/avr/bin/../lib/gcc/avr/5.4.0/../../../../avr/lib/avr5/memx-const\libm.a(mulsf3x.o)
 .stack.descriptors.hdr
                0x00000000000000c4        0xe c:/program files/microchip/xc8/v2.36/avr/bin/../lib/gcc/avr/5.4.0/avr5/memx-const\libgcc.a(_divmodhi4.o)
 .stack.descriptors.hdr
                0x00000000000000d2        0xe c:/program files/microchip/xc8/v2.36/avr/bin/../lib/gcc/avr/5.4.0/avr5/memx-const\libgcc.a(_tablejump2.o)
 .stack.descriptors.hdr
                0x00000000000000e0        0xe c:/program files/microchip/xc8/v2.36/avr/bin/../lib/gcc/avr/5.4.0/avr5/memx-const\libgcc.a(_ashldi3.o)
 .stack.descriptors.hdr
                0x00000000000000ee        0xe c:/program files/microchip/xc8/v2.36/avr/bin/../lib/gcc/avr/5.4.0/avr5/memx-const\libgcc.a(_ashrdi3.o)
 .stack.descriptors.hdr
                0x00000000000000fc        0xe c:/program files/microchip/xc8/v2.36/avr/bin/../lib/gcc/avr/5.4.0/avr5/memx-const\libgcc.a(_adddi3.o)
 .stack.descriptors.hdr
                0x000000000000010a        0xe c:/program files/microchip/xc8/v2.36/avr/bin/../lib/gcc/avr/5.4.0/avr5/memx-const\libgcc.a(_adddi3_s8.o)
 .stack.descriptors.hdr
                0x0000000000000118        0xe c:/program files/microchip/xc8/v2.36/avr/bin/../lib/gcc/avr/5.4.0/avr5/memx-const\libgcc.a(_subdi3.o)
 .stack.descriptors.hdr
                0x0000000000000126        0xe c:/program files/microchip/xc8/v2.36/avr/bin/../lib/gcc/avr/5.4.0/avr5/memx-const\libgcc.a(_cmpdi2_s8.o)
 .stack.descriptors.hdr
                0x0000000000000134        0xe c:/program files/microchip/xc8/v2.36/avr/bin/../lib/gcc/avr/5.4.0/avr5/memx-const\libgcc.a(_udivmodhi4.o)
 .stack.descriptors.hdr
                0x0000000000000142        0xe c:/program files/microchip/xc8/v2.36/avr/bin/../lib/gcc/avr/5.4.0/avr5/memx-const\libgcc.a(_exit.o)
 .stack.descriptors.hdr
                0x0000000000000150        0xe c:/program files/microchip/xc8/v2.36/avr/bin/../lib/gcc/avr/5.4.0/avr5/memx-const\libgcc.a(_movmemx.o)
 .stack.descriptors.hdr
                0x000000000000015e        0xe c:/program files/microchip/xc8/v2.36/avr/bin/../lib/gcc/avr/5.4.0/../../../../avr/lib/avr5/memx-const\libm.a(addsf3.o)
 .stack.descriptors.hdr
                0x000000000000016c        0xe c:/program files/microchip/xc8/v2.36/avr/bin/../lib/gcc/avr/5.4.0/../../../../avr/lib/avr5/memx-const\libm.a(addsf3x.o)
 .stack.descriptors.hdr
                0x000000000000017a        0xe c:/program files/microchip/xc8/v2.36/avr/bin/../lib/gcc/avr/5.4.0/../../../../avr/lib/avr5/memx-const\libm.a(cmpsf2.o)
 .stack.descriptors.hdr
                0x0000000000000188        0xe c:/program files/microchip/xc8/v2.36/avr/bin/../lib/gcc/avr/5.4.0/../../../../avr/lib/avr5/memx-const\libm.a(fp_cmp.o)
 .stack.descriptors.hdr
                0x0000000000000196        0xe c:/program files/microchip/xc8/v2.36/avr/bin/../lib/gcc/avr/5.4.0/../../../../avr/lib/avr5/memx-const\libm.a(gesf2.o)

.note.GNU-stack
                0x0000000000000000        0x0
 .note.GNU-stack
                0x0000000000000000        0x0 c:/program files/microchip/xc8/v2.36/avr/bin/../lib/gcc/avr/5.4.0/../../../../avr/lib/avr5/memx-const\libm.a(divsf3.o)
 .note.GNU-stack
                0x0000000000000000        0x0 c:/program files/microchip/xc8/v2.36/avr/bin/../lib/gcc/avr/5.4.0/../../../../avr/lib/avr5/memx-const\libm.a(divsf3x.o)
 .note.GNU-stack
                0x0000000000000000        0x0 c:/program files/microchip/xc8/v2.36/avr/bin/../lib/gcc/avr/5.4.0/../../../../avr/lib/avr5/memx-const\libm.a(fixsfsi.o)
 .note.GNU-stack
                0x0000000000000000        0x0 c:/program files/microchip/xc8/v2.36/avr/bin/../lib/gcc/avr/5.4.0/../../../../avr/lib/avr5/memx-const\libm.a(fixunssfsi.o)
 .note.GNU-stack
                0x0000000000000000        0x0 c:/program files/microchip/xc8/v2.36/avr/bin/../lib/gcc/avr/5.4.0/../../../../avr/lib/avr5/memx-const\libm.a(floatundisf.o)
 .note.GNU-stack
                0x0000000000000000        0x0 c:/program files/microchip/xc8/v2.36/avr/bin/../lib/gcc/avr/5.4.0/../../../../avr/lib/avr5/memx-const\libm.a(fp_inf.o)
 .note.GNU-stack
                0x0000000000000000        0x0 c:/program files/microchip/xc8/v2.36/avr/bin/../lib/gcc/avr/5.4.0/../../../../avr/lib/avr5/memx-const\libm.a(fp_nan.o)
 .note.GNU-stack
                0x0000000000000000        0x0 c:/program files/microchip/xc8/v2.36/avr/bin/../lib/gcc/avr/5.4.0/../../../../avr/lib/avr5/memx-const\libm.a(fp_pscA.o)
 .note.GNU-stack
                0x0000000000000000        0x0 c:/program files/microchip/xc8/v2.36/avr/bin/../lib/gcc/avr/5.4.0/../../../../avr/lib/avr5/memx-const\libm.a(fp_pscB.o)
 .note.GNU-stack
                0x0000000000000000        0x0 c:/program files/microchip/xc8/v2.36/avr/bin/../lib/gcc/avr/5.4.0/../../../../avr/lib/avr5/memx-const\libm.a(fp_round.o)
 .note.GNU-stack
                0x0000000000000000        0x0 c:/program files/microchip/xc8/v2.36/avr/bin/../lib/gcc/avr/5.4.0/../../../../avr/lib/avr5/memx-const\libm.a(fp_split3.o)
 .note.GNU-stack
                0x0000000000000000        0x0 c:/program files/microchip/xc8/v2.36/avr/bin/../lib/gcc/avr/5.4.0/../../../../avr/lib/avr5/memx-const\libm.a(fp_zero.o)
 .note.GNU-stack
                0x0000000000000000        0x0 c:/program files/microchip/xc8/v2.36/avr/bin/../lib/gcc/avr/5.4.0/../../../../avr/lib/avr5/memx-const\libm.a(mulsf3.o)
 .note.GNU-stack
                0x0000000000000000        0x0 c:/program files/microchip/xc8/v2.36/avr/bin/../lib/gcc/avr/5.4.0/../../../../avr/lib/avr5/memx-const\libm.a(mulsf3x.o)
 .note.GNU-stack
                0x0000000000000000        0x0 c:/program files/microchip/xc8/v2.36/avr/bin/../lib/gcc/avr/5.4.0/../../../../avr/lib/avr5/memx-const\libc.a(exit.o)
 .note.GNU-stack
                0x0000000000000000        0x0 c:/program files/microchip/xc8/v2.36/avr/bin/../lib/gcc/avr/5.4.0/../../../../avr/lib/avr5/memx-const\libc.a(__sio_sprintf_f.o)
 .note.GNU-stack
                0x0000000000000000        0x0 c:/program files/microchip/xc8/v2.36/avr/bin/../lib/gcc/avr/5.4.0/../../../../avr/lib/avr5/memx-const\libc.a(__fmt_fp.o)
 .note.GNU-stack
                0x0000000000000000        0x0 c:/program files/microchip/xc8/v2.36/avr/bin/../lib/gcc/avr/5.4.0/../../../../avr/lib/avr5/memx-const\libc.a(__printf_core.o)
 .note.GNU-stack
                0x0000000000000000        0x0 c:/program files/microchip/xc8/v2.36/avr/bin/../lib/gcc/avr/5.4.0/../../../../avr/lib/avr5/memx-const\libc.a(fputc.o)
 .note.GNU-stack
                0x0000000000000000        0x0 c:/program files/microchip/xc8/v2.36/avr/bin/../lib/gcc/avr/5.4.0/../../../../avr/lib/avr5/memx-const\libc.a(__pop_float.o)
 .note.GNU-stack
                0x0000000000000000        0x0 c:/program files/microchip/xc8/v2.36/avr/bin/../lib/gcc/avr/5.4.0/../../../../avr/lib/avr5/memx-const\libc.a(__pop_int.o)
 .note.GNU-stack
                0x0000000000000000        0x0 c:/program files/microchip/xc8/v2.36/avr/bin/../lib/gcc/avr/5.4.0/../../../../avr/lib/avr5/memx-const\libc.a(__pop_ptr.o)
 .note.GNU-stack
                0x0000000000000000        0x0 c:/program files/microchip/xc8/v2.36/avr/bin/../lib/gcc/avr/5.4.0/../../../../avr/lib/avr5/memx-const\libc.a(atoi.o)
 .note.GNU-stack
                0x0000000000000000        0x0 c:/program files/microchip/xc8/v2.36/avr/bin/../lib/gcc/avr/5.4.0/../../../../avr/lib/avr5/memx-const\libc.a(memset.o)
 .note.GNU-stack
                0x0000000000000000        0x0 c:/program files/microchip/xc8/v2.36/avr/bin/../lib/gcc/avr/5.4.0/../../../../avr/lib/avr5/memx-const\libc.a(strcpy.o)
 .note.GNU-stack
                0x0000000000000000        0x0 c:/program files/microchip/xc8/v2.36/avr/bin/../lib/gcc/avr/5.4.0/../../../../avr/lib/avr5/memx-const\libc.a(strlen.o)
 .note.GNU-stack
                0x0000000000000000        0x0 c:/program files/microchip/xc8/v2.36/avr/bin/../lib/gcc/avr/5.4.0/../../../../avr/lib/avr5/memx-const\libc.a(tolower.o)
 .note.GNU-stack
                0x0000000000000000        0x0 c:/program files/microchip/xc8/v2.36/avr/bin/../lib/gcc/avr/5.4.0/../../../../avr/lib/avr5/memx-const\libc.a(errno.o)
 .note.GNU-stack
                0x0000000000000000        0x0 c:/program files/microchip/xc8/v2.36/avr/bin/../lib/gcc/avr/5.4.0/../../../../avr/lib/avr5/memx-const\libc.a(_Exit.o)
 .note.GNU-stack
                0x0000000000000000        0x0 c:/program files/microchip/xc8/v2.36/avr/bin/../lib/gcc/avr/5.4.0/../../../../avr/lib/avr5/memx-const\libc.a(__int_vsprintf.o)
 .note.GNU-stack
                0x0000000000000000        0x0 c:/program files/microchip/xc8/v2.36/avr/bin/../lib/gcc/avr/5.4.0/../../../../avr/lib/avr5/memx-const\libc.a(__int_vsnprintf.o)
 .note.GNU-stack
                0x0000000000000000        0x0 c:/program files/microchip/xc8/v2.36/avr/bin/../lib/gcc/avr/5.4.0/../../../../avr/lib/avr5/memx-const\libc.a(__int_vfprintf.o)
 .note.GNU-stack
                0x0000000000000000        0x0 c:/program files/microchip/xc8/v2.36/avr/bin/../lib/gcc/avr/5.4.0/../../../../avr/lib/avr5/memx-const\libm.a(addsf3.o)
 .note.GNU-stack
                0x0000000000000000        0x0 c:/program files/microchip/xc8/v2.36/avr/bin/../lib/gcc/avr/5.4.0/../../../../avr/lib/avr5/memx-const\libm.a(addsf3x.o)
 .note.GNU-stack
                0x0000000000000000        0x0 c:/program files/microchip/xc8/v2.36/avr/bin/../lib/gcc/avr/5.4.0/../../../../avr/lib/avr5/memx-const\libm.a(cmpsf2.o)
 .note.GNU-stack
                0x0000000000000000        0x0 c:/program files/microchip/xc8/v2.36/avr/bin/../lib/gcc/avr/5.4.0/../../../../avr/lib/avr5/memx-const\libm.a(fp_cmp.o)
 .note.GNU-stack
                0x0000000000000000        0x0 c:/program files/microchip/xc8/v2.36/avr/bin/../lib/gcc/avr/5.4.0/../../../../avr/lib/avr5/memx-const\libm.a(gesf2.o)
 .note.GNU-stack
                0x0000000000000000        0x0 c:/program files/microchip/xc8/v2.36/avr/bin/../lib/gcc/avr/5.4.0/../../../../avr/lib/avr5/memx-const\libm.a(floorf.o)
 .note.GNU-stack
                0x0000000000000000        0x0 c:/program files/microchip/xc8/v2.36/avr/bin/../lib/gcc/avr/5.4.0/../../../../avr/lib/avr5/memx-const\libm.a(fmaf.o)

.note.gnu.build-id
 *(.note.gnu.build-id)

.debug
 *(.debug)

.line
 *(.line)

.debug_srcinfo
 *(.debug_srcinfo)

.debug_sfnames
 *(.debug_sfnames)

.debug_aranges  0x0000000000000000      0x1b8
 *(.debug_aranges)
 .debug_aranges
                0x0000000000000000       0x50 APP/App.o
 .debug_aranges
                0x0000000000000050       0x68 HAL/GLCD/GLCD.o
 .debug_aranges
                0x00000000000000b8       0x20 main.o
 .debug_aranges
                0x00000000000000d8       0x88 MCAL/DIO/DIO.o
 .debug_aranges
                0x0000000000000160       0x28 MCAL/GI/GI_program.o
 .debug_aranges
                0x0000000000000188       0x30 MCAL/PWM0/PWM0_program.o

.debug_pubnames
 *(.debug_pubnames)

.debug_info     0x0000000000000000     0x3026
 *(.debug_info .gnu.linkonce.wi.*)
 .debug_info    0x0000000000000000      0x4e6 C:/Program Files (x86)/Atmel/Studio/7.0/Packs/atmel/ATmega_DFP/1.6.364/xc8/avr/lib/avr5/memx-const/crtatmega32a.o
 .debug_info    0x00000000000004e6      0x6dd APP/App.o
 .debug_info    0x0000000000000bc3      0xefc HAL/GLCD/GLCD.o
 .debug_info    0x0000000000001abf      0x504 main.o
 .debug_info    0x0000000000001fc3      0xa73 MCAL/DIO/DIO.o
 .debug_info    0x0000000000002a36      0x2d1 MCAL/GI/GI_program.o
 .debug_info    0x0000000000002d07      0x31f MCAL/PWM0/PWM0_program.o

.debug_abbrev   0x0000000000000000      0xa83
 *(.debug_abbrev)
 .debug_abbrev  0x0000000000000000      0x4a3 C:/Program Files (x86)/Atmel/Studio/7.0/Packs/atmel/ATmega_DFP/1.6.364/xc8/avr/lib/avr5/memx-const/crtatmega32a.o
 .debug_abbrev  0x00000000000004a3      0x15f APP/App.o
 .debug_abbrev  0x0000000000000602      0x173 HAL/GLCD/GLCD.o
 .debug_abbrev  0x0000000000000775      0x10c main.o
 .debug_abbrev  0x0000000000000881      0x14d MCAL/DIO/DIO.o
 .debug_abbrev  0x00000000000009ce       0x46 MCAL/GI/GI_program.o
 .debug_abbrev  0x0000000000000a14       0x6f MCAL/PWM0/PWM0_program.o

.debug_line     0x0000000000000000      0xee8
 *(.debug_line .debug_line.* .debug_line_end)
 .debug_line    0x0000000000000000      0x119 C:/Program Files (x86)/Atmel/Studio/7.0/Packs/atmel/ATmega_DFP/1.6.364/xc8/avr/lib/avr5/memx-const/crtatmega32a.o
 .debug_line    0x0000000000000119      0x312 APP/App.o
 .debug_line    0x000000000000042b      0x4df HAL/GLCD/GLCD.o
 .debug_line    0x000000000000090a      0x1a7 main.o
 .debug_line    0x0000000000000ab1      0x2f7 MCAL/DIO/DIO.o
 .debug_line    0x0000000000000da8       0x78 MCAL/GI/GI_program.o
 .debug_line    0x0000000000000e20       0xc8 MCAL/PWM0/PWM0_program.o

.debug_frame    0x0000000000000000      0x4e0
 *(.debug_frame)
 .debug_frame   0x0000000000000000      0x1dc APP/App.o
 .debug_frame   0x00000000000001dc      0x11c HAL/GLCD/GLCD.o
 .debug_frame   0x00000000000002f8       0x24 main.o
 .debug_frame   0x000000000000031c      0x14c MCAL/DIO/DIO.o
 .debug_frame   0x0000000000000468       0x34 MCAL/GI/GI_program.o
 .debug_frame   0x000000000000049c       0x44 MCAL/PWM0/PWM0_program.o

.debug_str      0x0000000000000000      0x317
 *(.debug_str)
 .debug_str     0x0000000000000000      0x196 C:/Program Files (x86)/Atmel/Studio/7.0/Packs/atmel/ATmega_DFP/1.6.364/xc8/avr/lib/avr5/memx-const/crtatmega32a.o
 .debug_str     0x0000000000000196       0x54 APP/App.o
 .debug_str     0x00000000000001ea       0x44 HAL/GLCD/GLCD.o
 .debug_str     0x000000000000022e       0xc1 main.o
 .debug_str     0x00000000000002ef       0x28 MCAL/DIO/DIO.o
 .debug_str     0x0000000000000317        0x0 MCAL/GI/GI_program.o
 .debug_str     0x0000000000000317        0x0 MCAL/PWM0/PWM0_program.o

.debug_loc      0x0000000000000000     0x14cf
 *(.debug_loc)
 .debug_loc     0x0000000000000000      0x521 APP/App.o
 .debug_loc     0x0000000000000521      0x725 HAL/GLCD/GLCD.o
 .debug_loc     0x0000000000000c46      0x85d MCAL/DIO/DIO.o
 .debug_loc     0x00000000000014a3       0x2c MCAL/PWM0/PWM0_program.o

.debug_macinfo
 *(.debug_macinfo)

.debug_weaknames
 *(.debug_weaknames)

.debug_funcnames
 *(.debug_funcnames)

.debug_typenames
 *(.debug_typenames)

.debug_varnames
 *(.debug_varnames)

.debug_pubtypes
 *(.debug_pubtypes)

.debug_ranges   0x0000000000000000      0x158
 *(.debug_ranges)
 .debug_ranges  0x0000000000000000       0x40 APP/App.o
 .debug_ranges  0x0000000000000040       0x58 HAL/GLCD/GLCD.o
 .debug_ranges  0x0000000000000098       0x10 main.o
 .debug_ranges  0x00000000000000a8       0x78 MCAL/DIO/DIO.o
 .debug_ranges  0x0000000000000120       0x18 MCAL/GI/GI_program.o
 .debug_ranges  0x0000000000000138       0x20 MCAL/PWM0/PWM0_program.o

.debug_macro
 *(.debug_macro)
OUTPUT(PWM_Drawer.elf elf32-avr)
LOAD linker stubs
LOAD data_init

.note.gnu.avr.deviceinfo
                0x0000000000000000       0x3c
 .note.gnu.avr.deviceinfo
                0x0000000000000000       0x3c C:/Program Files (x86)/Atmel/Studio/7.0/Packs/atmel/ATmega_DFP/1.6.364/xc8/avr/lib/avr5/memx-const/crtatmega32a.o

.bss.timer1_overflow_count
                0x0000000000800082        0x8
 .bss.timer1_overflow_count
                0x0000000000800082        0x8 APP/App.o
                0x0000000000800082                timer1_overflow_count

.bss.capture_state
                0x00000000008000a2        0x1
 .bss.capture_state
                0x00000000008000a2        0x1 APP/App.o
                0x00000000008000a2                capture_state

.bss.capture_value3
                0x000000000080008a        0x8
 .bss.capture_value3
                0x000000000080008a        0x8 APP/App.o
                0x000000000080008a                capture_value3

.bss.capture_value2
                0x0000000000800092        0x8
 .bss.capture_value2
                0x0000000000800092        0x8 APP/App.o
                0x0000000000800092                capture_value2

.bss.capture_value1
                0x000000000080009a        0x8
 .bss.capture_value1
                0x000000000080009a        0x8 APP/App.o
                0x000000000080009a                capture_value1

.bss.guint8_Curr_Page
                0x00000000008000a3        0x1
 .bss.guint8_Curr_Page
                0x00000000008000a3        0x1 HAL/GLCD/GLCD.o
                0x00000000008000a3                guint8_Curr_Page

.bss.guint8_Curr_Y_Address
                0x00000000008000a4        0x1
 .bss.guint8_Curr_Y_Address
                0x00000000008000a4        0x1 HAL/GLCD/GLCD.o
                0x00000000008000a4                guint8_Curr_Y_Address

.bss.guint8_Curr_X_Address
                0x00000000008000a5        0x1
 .bss.guint8_Curr_X_Address
                0x00000000008000a5        0x1 HAL/GLCD/GLCD.o
                0x00000000008000a5                guint8_Curr_X_Address

.progmemx.data  0x0000000000000164       0x26
 .progmemx.data
                0x0000000000000164       0x26 APP/App.o

.progmemx.data.state_table
                0x000000000000018a       0x16
 .progmemx.data.state_table
                0x000000000000018a       0x16 c:/program files/microchip/xc8/v2.36/avr/bin/../lib/gcc/avr/5.4.0/../../../../avr/lib/avr5/memx-const\libc.a(__printf_core.o)

.progmemx.data  0x00000000000001a0       0x10
 .progmemx.data
                0x00000000000001a0       0x10 c:/program files/microchip/xc8/v2.36/avr/bin/../lib/gcc/avr/5.4.0/../../../../avr/lib/avr5/memx-const\libc.a(__fmt_fp.o)

.progmemx.data  0x00000000000001b0        0x6
 .progmemx.data
                0x00000000000001b0        0x6 c:/program files/microchip/xc8/v2.36/avr/bin/../lib/gcc/avr/5.4.0/../../../../avr/lib/avr5/memx-const\libc.a(__printf_core.o)

.text.__printf_core
                0x00000000000001b6      0x822
 .text.__printf_core
                0x00000000000001b6      0x822 c:/program files/microchip/xc8/v2.36/avr/bin/../lib/gcc/avr/5.4.0/../../../../avr/lib/avr5/memx-const\libc.a(__printf_core.o)
                0x00000000000001b6                __printf_core

.text.__fmt_fp  0x00000000000009d8      0x6ba
 .text.__fmt_fp
                0x00000000000009d8      0x6ba c:/program files/microchip/xc8/v2.36/avr/bin/../lib/gcc/avr/5.4.0/../../../../avr/lib/avr5/memx-const\libc.a(__fmt_fp.o)
                0x00000000000009d8                __fmt_f_needed
                0x00000000000009d8                __fmt_fp

.text.GLCD_DisplayCharacter
                0x0000000000001092      0x330
 .text.GLCD_DisplayCharacter
                0x0000000000001092      0x330 HAL/GLCD/GLCD.o
                0x0000000000001092                GLCD_DisplayCharacter

.text.MeasureSignal
                0x00000000000013c2      0x264
 .text.MeasureSignal
                0x00000000000013c2      0x264 APP/App.o
                0x00000000000013c2                MeasureSignal

.text.__pop_int
                0x0000000000001626      0x172
 .text.__pop_int
                0x0000000000001626      0x172 c:/program files/microchip/xc8/v2.36/avr/bin/../lib/gcc/avr/5.4.0/../../../../avr/lib/avr5/memx-const\libc.a(__pop_int.o)
                0x0000000000001626                __pop_int_needed
                0x0000000000001626                __pop_int

.text.__vector_6
                0x0000000000001798      0x14e
 .text.__vector_6
                0x0000000000001798      0x14e APP/App.o
                0x0000000000001798                __vector_6

.text.Display_Signal
                0x00000000000018e6      0x144
 .text.Display_Signal
                0x00000000000018e6      0x144 APP/App.o
                0x00000000000018e6                Display_Signal

.text.fmaf      0x0000000000001a2a      0x13c
 .text.fmaf     0x0000000000001a2a      0x13c c:/program files/microchip/xc8/v2.36/avr/bin/../lib/gcc/avr/5.4.0/../../../../avr/lib/avr5/memx-const\libm.a(fmaf.o)
                0x0000000000001a2a                fmaf

.text.floorf    0x0000000000001b66      0x132
 .text.floorf   0x0000000000001b66      0x132 c:/program files/microchip/xc8/v2.36/avr/bin/../lib/gcc/avr/5.4.0/../../../../avr/lib/avr5/memx-const\libm.a(floorf.o)
                0x0000000000001b66                floorf

.text.__pad     0x0000000000001c98      0x10e
 .text.__pad    0x0000000000001c98      0x10e c:/program files/microchip/xc8/v2.36/avr/bin/../lib/gcc/avr/5.4.0/../../../../avr/lib/avr5/memx-const\libc.a(__printf_core.o)
                0x0000000000001c98                __pad

.text.Display_SignalMeasurement
                0x0000000000001da6      0x10a
 .text.Display_SignalMeasurement
                0x0000000000001da6      0x10a APP/App.o
                0x0000000000001da6                Display_SignalMeasurement

.text           0x0000000000001eb0       0xde
 .text          0x0000000000001eb0       0xde c:/program files/microchip/xc8/v2.36/avr/bin/../lib/gcc/avr/5.4.0/../../../../avr/lib/avr5/memx-const\libm.a(divsf3x.o)
                0x0000000000001eb0                __divsf3x
                0x0000000000001ed8                __divsf3_pse

.text.__pop_ptr
                0x0000000000001f8e       0xd8
 .text.__pop_ptr
                0x0000000000001f8e       0xd8 c:/program files/microchip/xc8/v2.36/avr/bin/../lib/gcc/avr/5.4.0/../../../../avr/lib/avr5/memx-const\libc.a(__pop_ptr.o)
                0x0000000000001f8e                __pop_ptr
                0x0000000000001f8e                __pop_ptr_needed

.text           0x0000000000002066       0xd4
 .text          0x0000000000002066       0xd4 c:/program files/microchip/xc8/v2.36/avr/bin/../lib/gcc/avr/5.4.0/../../../../avr/lib/avr5/memx-const\libm.a(mulsf3x.o)
                0x0000000000002066                __mulsf3x
                0x000000000000208c                __mulsf3_pse

.text           0x000000000000213a       0xce
 .text          0x000000000000213a       0xce c:/program files/microchip/xc8/v2.36/avr/bin/../lib/gcc/avr/5.4.0/../../../../avr/lib/avr5/memx-const\libm.a(addsf3x.o)
                0x000000000000213a                __addsf3x

.text.GLCD_DisplaySpecialPattern
                0x0000000000002208       0xa6
 .text.GLCD_DisplaySpecialPattern
                0x0000000000002208       0xa6 HAL/GLCD/GLCD.o
                0x0000000000002208                GLCD_DisplaySpecialPattern

.text.DIO_ObtainRegister
                0x00000000000022ae       0xa6
 .text.DIO_ObtainRegister
                0x00000000000022ae       0xa6 MCAL/DIO/DIO.o

.text.__vsnprintf
                0x0000000000002354       0xa4
 .text.__vsnprintf
                0x0000000000002354       0xa4 c:/program files/microchip/xc8/v2.36/avr/bin/../lib/gcc/avr/5.4.0/../../../../avr/lib/avr5/memx-const\libc.a(__int_vsnprintf.o)
                0x0000000000002354                __vsnprintf

.text.__fmt_state
                0x00000000000023f8       0x9e
 .text.__fmt_state
                0x00000000000023f8       0x9e c:/program files/microchip/xc8/v2.36/avr/bin/../lib/gcc/avr/5.4.0/../../../../avr/lib/avr5/memx-const\libc.a(__printf_core.o)
                0x00000000000023f8                __fmt_state

.text.fputc     0x0000000000002496       0x92
 .text.fputc    0x0000000000002496       0x92 c:/program files/microchip/xc8/v2.36/avr/bin/../lib/gcc/avr/5.4.0/../../../../avr/lib/avr5/memx-const\libc.a(fputc.o)
                0x0000000000002496                fputc
                0x0000000000002496                putc

.text.atoi      0x0000000000002528       0x90
 .text.atoi     0x0000000000002528       0x90 c:/program files/microchip/xc8/v2.36/avr/bin/../lib/gcc/avr/5.4.0/../../../../avr/lib/avr5/memx-const\libc.a(atoi.o)
                0x0000000000002528                atoi

.text.GLCD_Init
                0x00000000000025b8       0x86
 .text.GLCD_Init
                0x00000000000025b8       0x86 HAL/GLCD/GLCD.o
                0x00000000000025b8                GLCD_Init

.text.__vector_9
                0x000000000000263e       0x7e
 .text.__vector_9
                0x000000000000263e       0x7e APP/App.o
                0x000000000000263e                __vector_9

.text           0x00000000000026bc       0x7c
 .text          0x00000000000026bc       0x7c c:/program files/microchip/xc8/v2.36/avr/bin/../lib/gcc/avr/5.4.0/../../../../avr/lib/avr5/memx-const\libm.a(floatundisf.o)
                0x00000000000026bc                __floatundisf
                0x00000000000026be                __fp_di2sf

.text.GLCD_SelectPage
                0x0000000000002738       0x68
 .text.GLCD_SelectPage
                0x0000000000002738       0x68 HAL/GLCD/GLCD.o
                0x0000000000002738                GLCD_SelectPage

.text.__out     0x00000000000027a0       0x68
 .text.__out    0x00000000000027a0       0x68 c:/program files/microchip/xc8/v2.36/avr/bin/../lib/gcc/avr/5.4.0/../../../../avr/lib/avr5/memx-const\libc.a(__printf_core.o)
                0x00000000000027a0                __out

.text           0x0000000000002808       0x5e
 .text          0x0000000000002808       0x5e c:/program files/microchip/xc8/v2.36/avr/bin/../lib/gcc/avr/5.4.0/../../../../avr/lib/avr5/memx-const\libm.a(fixunssfsi.o)
                0x0000000000002808                __fixunssfsi

.text.main      0x0000000000002866       0x52
 .text.main     0x0000000000002866       0x52 main.o
                0x0000000000002866                main

.text.DIO_SetPinDirection
                0x00000000000028b8       0x4e
 .text.DIO_SetPinDirection
                0x00000000000028b8       0x4e MCAL/DIO/DIO.o
                0x00000000000028b8                DIO_SetPinDirection

.text.DIO_WritePin
                0x0000000000002906       0x4e
 .text.DIO_WritePin
                0x0000000000002906       0x4e MCAL/DIO/DIO.o
                0x0000000000002906                DIO_WritePin

.text.GLCD_ClearDisplay
                0x0000000000002954       0x4c
 .text.GLCD_ClearDisplay
                0x0000000000002954       0x4c HAL/GLCD/GLCD.o
                0x0000000000002954                GLCD_ClearDisplay

.text           0x00000000000029a0       0x48
 .text          0x00000000000029a0       0x48 c:/program files/microchip/xc8/v2.36/avr/bin/../lib/gcc/avr/5.4.0/../../../../avr/lib/avr5/memx-const\libm.a(fp_cmp.o)
                0x00000000000029a0                __fp_cmp

.text           0x00000000000029e8       0x44
 .text          0x00000000000029e8       0x44 c:/program files/microchip/xc8/v2.36/avr/bin/../lib/gcc/avr/5.4.0/../../../../avr/lib/avr5/memx-const\libm.a(fp_split3.o)
                0x00000000000029e8                __fp_split3
                0x00000000000029f8                __fp_splitA

.text.GLCD_SendInstruction
                0x0000000000002a2c       0x40
 .text.GLCD_SendInstruction
                0x0000000000002a2c       0x40 HAL/GLCD/GLCD.o
                0x0000000000002a2c                GLCD_SendInstruction

.text.GLCD_SendData
                0x0000000000002a6c       0x40
 .text.GLCD_SendData
                0x0000000000002a6c       0x40 HAL/GLCD/GLCD.o
                0x0000000000002a6c                GLCD_SendData

.text.__pop_float
                0x0000000000002aac       0x40
 .text.__pop_float
                0x0000000000002aac       0x40 c:/program files/microchip/xc8/v2.36/avr/bin/../lib/gcc/avr/5.4.0/../../../../avr/lib/avr5/memx-const\libc.a(__pop_float.o)
                0x0000000000002aac                __pop_float_needed
                0x0000000000002aac                __pop_float

.text.libgcc.builtins
                0x0000000000002aec       0x3c
 .text.libgcc.builtins
                0x0000000000002aec       0x3c c:/program files/microchip/xc8/v2.36/avr/bin/../lib/gcc/avr/5.4.0/avr5/memx-const\libgcc.a(_ashrdi3.o)
                0x0000000000002aec                __ashrdi3
                0x0000000000002af0                __lshrdi3

.text.TMR1_InputCapture_Init
                0x0000000000002b28       0x3a
 .text.TMR1_InputCapture_Init
                0x0000000000002b28       0x3a APP/App.o
                0x0000000000002b28                TMR1_InputCapture_Init

.text.libgcc.prologue
                0x0000000000002b62       0x38
 .text.libgcc.prologue
                0x0000000000002b62       0x38 c:/program files/microchip/xc8/v2.36/avr/bin/../lib/gcc/avr/5.4.0/avr5/memx-const\libgcc.a(_prologue.o)
                0x0000000000002b62                __prologue_saves__

.text.libgcc.prologue
                0x0000000000002b9a       0x36
 .text.libgcc.prologue
                0x0000000000002b9a       0x36 c:/program files/microchip/xc8/v2.36/avr/bin/../lib/gcc/avr/5.4.0/avr5/memx-const\libgcc.a(_epilogue.o)
                0x0000000000002b9a                __epilogue_restores__

.text.libgcc.builtins
                0x0000000000002bd0       0x32
 .text.libgcc.builtins
                0x0000000000002bd0       0x32 c:/program files/microchip/xc8/v2.36/avr/bin/../lib/gcc/avr/5.4.0/avr5/memx-const\libgcc.a(_ashldi3.o)
                0x0000000000002bd0                __ashldi3

.text.__vfprintf
                0x0000000000002c02       0x30
 .text.__vfprintf
                0x0000000000002c02       0x30 c:/program files/microchip/xc8/v2.36/avr/bin/../lib/gcc/avr/5.4.0/../../../../avr/lib/avr5/memx-const\libc.a(__int_vfprintf.o)
                0x0000000000002c02                __vfprintf

.text.strlen    0x0000000000002c32       0x2c
 .text.strlen   0x0000000000002c32       0x2c c:/program files/microchip/xc8/v2.36/avr/bin/../lib/gcc/avr/5.4.0/../../../../avr/lib/avr5/memx-const\libc.a(strlen.o)
                0x0000000000002c32                strlen

.text.GLCD_GoToLine
                0x0000000000002c5e       0x28
 .text.GLCD_GoToLine
                0x0000000000002c5e       0x28 HAL/GLCD/GLCD.o
                0x0000000000002c5e                GLCD_GoToLine

.text.PWM0_voidGeneratePWM
                0x0000000000002c86       0x28
 .text.PWM0_voidGeneratePWM
                0x0000000000002c86       0x28 MCAL/PWM0/PWM0_program.o
                0x0000000000002c86                PWM0_voidGeneratePWM

.text.libgcc.div
                0x0000000000002cae       0x28
 .text.libgcc.div
                0x0000000000002cae       0x28 c:/program files/microchip/xc8/v2.36/avr/bin/../lib/gcc/avr/5.4.0/avr5/memx-const\libgcc.a(_divmodhi4.o)
                0x0000000000002cae                _div
                0x0000000000002cae                __divmodhi4

.text.libgcc.div
                0x0000000000002cd6       0x28
 .text.libgcc.div
                0x0000000000002cd6       0x28 c:/program files/microchip/xc8/v2.36/avr/bin/../lib/gcc/avr/5.4.0/avr5/memx-const\libgcc.a(_udivmodhi4.o)
                0x0000000000002cd6                __udivmodhi4

.text.__wrap_sprintf
                0x0000000000002cfe       0x26
 .text.__wrap_sprintf
                0x0000000000002cfe       0x26 c:/program files/microchip/xc8/v2.36/avr/bin/../lib/gcc/avr/5.4.0/../../../../avr/lib/avr5/memx-const\libc.a(__sio_sprintf_f.o)
                0x0000000000002cfe                _sprintf_fFgG
                0x0000000000002cfe                _sprintf_eEfF
                0x0000000000002cfe                _sprintf_eEgG
                0x0000000000002cfe                _sprintf_eE
                0x0000000000002cfe                _sprintf_gG
                0x0000000000002cfe                _sprintf_fF
                0x0000000000002cfe                _sprintf_eEfFgG

.text.DIO_SetPortDirection
                0x0000000000002d24       0x24
 .text.DIO_SetPortDirection
                0x0000000000002d24       0x24 MCAL/DIO/DIO.o
                0x0000000000002d24                DIO_SetPortDirection

.text           0x0000000000002d48       0x22
 .text          0x0000000000002d48       0x22 c:/program files/microchip/xc8/v2.36/avr/bin/../lib/gcc/avr/5.4.0/../../../../avr/lib/avr5/memx-const\libm.a(fp_round.o)
                0x0000000000002d48                __fp_round

.text.GLCD_Reset
                0x0000000000002d6a       0x1e
 .text.GLCD_Reset
                0x0000000000002d6a       0x1e HAL/GLCD/GLCD.o
                0x0000000000002d6a                GLCD_Reset

.text.strcpy    0x0000000000002d88       0x1c
 .text.strcpy   0x0000000000002d88       0x1c c:/program files/microchip/xc8/v2.36/avr/bin/../lib/gcc/avr/5.4.0/../../../../avr/lib/avr5/memx-const\libc.a(strcpy.o)
                0x0000000000002d88                strcpy

.text.InputCapture_Init
                0x0000000000002da4       0x1a
 .text.InputCapture_Init
                0x0000000000002da4       0x1a APP/App.o
                0x0000000000002da4                InputCapture_Init

.text.GLCD_DisplayString
                0x0000000000002dbe       0x1a
 .text.GLCD_DisplayString
                0x0000000000002dbe       0x1a HAL/GLCD/GLCD.o
                0x0000000000002dbe                GLCD_DisplayString

.text.PWM0_voidInit
                0x0000000000002dd8       0x1a
 .text.PWM0_voidInit
                0x0000000000002dd8       0x1a MCAL/PWM0/PWM0_program.o
                0x0000000000002dd8                PWM0_voidInit

.text.libgcc    0x0000000000002df2       0x1a
 .text.libgcc   0x0000000000002df2       0x1a c:/program files/microchip/xc8/v2.36/avr/bin/../lib/gcc/avr/5.4.0/avr5/memx-const\libgcc.a(_movmemx.o)
                0x0000000000002df2                __movmemx_qi
                0x0000000000002df4                __movmemx_hi

.text.libgcc    0x0000000000002e0c       0x18
 .text.libgcc   0x0000000000002e0c       0x18 c:/program files/microchip/xc8/v2.36/avr/bin/../lib/gcc/avr/5.4.0/avr5/memx-const\libgcc.a(_adddi3_s8.o)
                0x0000000000002e0c                __adddi3_s8

.text.libgcc    0x0000000000002e24       0x18
 .text.libgcc   0x0000000000002e24       0x18 c:/program files/microchip/xc8/v2.36/avr/bin/../lib/gcc/avr/5.4.0/avr5/memx-const\libgcc.a(_cmpdi2_s8.o)
                0x0000000000002e24                __cmpdi2_s8

.text.__vsprintf
                0x0000000000002e3c       0x18
 .text.__vsprintf
                0x0000000000002e3c       0x18 c:/program files/microchip/xc8/v2.36/avr/bin/../lib/gcc/avr/5.4.0/../../../../avr/lib/avr5/memx-const\libc.a(__int_vsprintf.o)
                0x0000000000002e3c                __vsprintf

.text.exit      0x0000000000002e54       0x16
 .text.exit     0x0000000000002e54       0x16 c:/program files/microchip/xc8/v2.36/avr/bin/../lib/gcc/avr/5.4.0/../../../../avr/lib/avr5/memx-const\libc.a(exit.o)
                0x0000000000002e54                exit

.text.DIO_WritePort
                0x0000000000002e6a       0x12
 .text.DIO_WritePort
                0x0000000000002e6a       0x12 MCAL/DIO/DIO.o
                0x0000000000002e6a                DIO_WritePort

.text.libgcc    0x0000000000002e7c       0x12
 .text.libgcc   0x0000000000002e7c       0x12 c:/program files/microchip/xc8/v2.36/avr/bin/../lib/gcc/avr/5.4.0/avr5/memx-const\libgcc.a(_adddi3.o)
                0x0000000000002e7c                __adddi3

.text.libgcc    0x0000000000002e8e       0x12
 .text.libgcc   0x0000000000002e8e       0x12 c:/program files/microchip/xc8/v2.36/avr/bin/../lib/gcc/avr/5.4.0/avr5/memx-const\libgcc.a(_subdi3.o)
                0x0000000000002e8e                __subdi3

.text.memset    0x0000000000002ea0       0x12
 .text.memset   0x0000000000002ea0       0x12 c:/program files/microchip/xc8/v2.36/avr/bin/../lib/gcc/avr/5.4.0/../../../../avr/lib/avr5/memx-const\libc.a(memset.o)
                0x0000000000002ea0                memset

.text.tolower   0x0000000000002eb2       0x10
 .text.tolower  0x0000000000002eb2       0x10 c:/program files/microchip/xc8/v2.36/avr/bin/../lib/gcc/avr/5.4.0/../../../../avr/lib/avr5/memx-const\libc.a(tolower.o)
                0x0000000000002eb2                tolower

.text           0x0000000000002ec2        0xe
 .text          0x0000000000002ec2        0xe c:/program files/microchip/xc8/v2.36/avr/bin/../lib/gcc/avr/5.4.0/../../../../avr/lib/avr5/memx-const\libm.a(fixsfsi.o)
                0x0000000000002ec2                __fixsfsi

.text           0x0000000000002ed0        0xe
 .text          0x0000000000002ed0        0xe c:/program files/microchip/xc8/v2.36/avr/bin/../lib/gcc/avr/5.4.0/../../../../avr/lib/avr5/memx-const\libm.a(fp_pscA.o)
                0x0000000000002ed0                __fp_pscA

.text           0x0000000000002ede        0xe
 .text          0x0000000000002ede        0xe c:/program files/microchip/xc8/v2.36/avr/bin/../lib/gcc/avr/5.4.0/../../../../avr/lib/avr5/memx-const\libm.a(fp_pscB.o)
                0x0000000000002ede                __fp_pscB

.text           0x0000000000002eec        0xe
 .text          0x0000000000002eec        0xe c:/program files/microchip/xc8/v2.36/avr/bin/../lib/gcc/avr/5.4.0/../../../../avr/lib/avr5/memx-const\libm.a(fp_zero.o)
                0x0000000000002eec                __fp_zero
                0x0000000000002eee                __fp_szero

.text           0x0000000000002efa        0xe
 .text          0x0000000000002efa        0xe c:/program files/microchip/xc8/v2.36/avr/bin/../lib/gcc/avr/5.4.0/../../../../avr/lib/avr5/memx-const\libm.a(addsf3.o)
                0x0000000000002efa                __subsf3
                0x0000000000002efc                __addsf3

.text           0x0000000000002f08        0xc
 .text          0x0000000000002f08        0xc c:/program files/microchip/xc8/v2.36/avr/bin/../lib/gcc/avr/5.4.0/../../../../avr/lib/avr5/memx-const\libm.a(fp_inf.o)
                0x0000000000002f08                __fp_inf

.text.libgcc    0x0000000000002f14        0xc
 .text.libgcc   0x0000000000002f14        0xc c:/program files/microchip/xc8/v2.36/avr/bin/../lib/gcc/avr/5.4.0/avr5/memx-const\libgcc.a(_tablejump2.o)
                0x0000000000002f14                __tablejump2__

.text           0x0000000000002f20        0xa
 .text          0x0000000000002f20        0xa c:/program files/microchip/xc8/v2.36/avr/bin/../lib/gcc/avr/5.4.0/../../../../avr/lib/avr5/memx-const\libm.a(cmpsf2.o)
                0x0000000000002f20                __nesf2
                0x0000000000002f20                __eqsf2
                0x0000000000002f20                __cmpsf2
                0x0000000000002f20                __ltsf2
                0x0000000000002f20                __lesf2

.text           0x0000000000002f2a        0xa
 .text          0x0000000000002f2a        0xa c:/program files/microchip/xc8/v2.36/avr/bin/../lib/gcc/avr/5.4.0/../../../../avr/lib/avr5/memx-const\libm.a(gesf2.o)
                0x0000000000002f2a                __gesf2
                0x0000000000002f2a                __gtsf2

.text.GI_voidEnable
                0x0000000000002f34        0x8
 .text.GI_voidEnable
                0x0000000000002f34        0x8 MCAL/GI/GI_program.o
                0x0000000000002f34                GI_voidEnable

.text           0x0000000000002f3c        0x8
 .text          0x0000000000002f3c        0x8 c:/program files/microchip/xc8/v2.36/avr/bin/../lib/gcc/avr/5.4.0/../../../../avr/lib/avr5/memx-const\libm.a(divsf3.o)
                0x0000000000002f3c                __divsf3

.text           0x0000000000002f44        0x8
 .text          0x0000000000002f44        0x8 c:/program files/microchip/xc8/v2.36/avr/bin/../lib/gcc/avr/5.4.0/../../../../avr/lib/avr5/memx-const\libm.a(mulsf3.o)
                0x0000000000002f44                __mulsf3

.text           0x0000000000002f4c        0x6
 .text          0x0000000000002f4c        0x6 c:/program files/microchip/xc8/v2.36/avr/bin/../lib/gcc/avr/5.4.0/../../../../avr/lib/avr5/memx-const\libm.a(fp_nan.o)
                0x0000000000002f4c                __fp_nan

.text.__dummy_fmt3
                0x0000000000002f52        0x6
 .text.__dummy_fmt3
                0x0000000000002f52        0x6 c:/program files/microchip/xc8/v2.36/avr/bin/../lib/gcc/avr/5.4.0/../../../../avr/lib/avr5/memx-const\libc.a(__printf_core.o)
                0x0000000000002f52                __fmt_o
                0x0000000000002f52                __fmt_d
                0x0000000000002f52                __fmt_u

.text.__dummy_fmt4
                0x0000000000002f58        0x6
 .text.__dummy_fmt4
                0x0000000000002f58        0x6 c:/program files/microchip/xc8/v2.36/avr/bin/../lib/gcc/avr/5.4.0/../../../../avr/lib/avr5/memx-const\libc.a(__printf_core.o)
                0x0000000000002f58                __fmt_x
                0x0000000000002f58                __fmt_a

.text.__dummy_fmts
                0x0000000000002f5e        0x6
 .text.__dummy_fmts
                0x0000000000002f5e        0x6 c:/program files/microchip/xc8/v2.36/avr/bin/../lib/gcc/avr/5.4.0/../../../../avr/lib/avr5/memx-const\libc.a(__printf_core.o)
                0x0000000000002f5e                __fmt_s

.text           0x0000000000002f64        0x4
 .text          0x0000000000002f64        0x4 C:/Program Files (x86)/Atmel/Studio/7.0/Packs/atmel/ATmega_DFP/1.6.364/xc8/avr/lib/avr5/memx-const/crtatmega32a.o
                0x0000000000002f64                __vector_1
                0x0000000000002f64                __vector_12
                0x0000000000002f64                __bad_interrupt
                0x0000000000002f64                __vector_3
                0x0000000000002f64                __vector_11
                0x0000000000002f64                __vector_13
                0x0000000000002f64                __vector_17
                0x0000000000002f64                __vector_19
                0x0000000000002f64                __vector_7
                0x0000000000002f64                __vector_5
                0x0000000000002f64                __vector_4
                0x0000000000002f64                __vector_2
                0x0000000000002f64                __vector_15
                0x0000000000002f64                __vector_8
                0x0000000000002f64                __vector_14
                0x0000000000002f64                __vector_10
                0x0000000000002f64                __vector_16
                0x0000000000002f64                __vector_18
                0x0000000000002f64                __vector_20

.text._Exit     0x0000000000002f68        0x4
 .text._Exit    0x0000000000002f68        0x4 c:/program files/microchip/xc8/v2.36/avr/bin/../lib/gcc/avr/5.4.0/../../../../avr/lib/avr5/memx-const\libc.a(_Exit.o)
                0x0000000000002f68                _Exit

.text.__dummy_fini
                0x0000000000002f6c        0x2
 .text.__dummy_fini
                0x0000000000002f6c        0x2 c:/program files/microchip/xc8/v2.36/avr/bin/../lib/gcc/avr/5.4.0/../../../../avr/lib/avr5/memx-const\libc.a(exit.o)
                0x0000000000002f6c                _fini

.text.__dummy_funcs_on_exit
                0x0000000000002f6e        0x2
 .text.__dummy_funcs_on_exit
                0x0000000000002f6e        0x2 c:/program files/microchip/xc8/v2.36/avr/bin/../lib/gcc/avr/5.4.0/../../../../avr/lib/avr5/memx-const\libc.a(exit.o)
                0x0000000000002f6e                __funcs_on_exit

.text.__dummy_simulator_exit
                0x0000000000002f70        0x2
 .text.__dummy_simulator_exit
                0x0000000000002f70        0x2 c:/program files/microchip/xc8/v2.36/avr/bin/../lib/gcc/avr/5.4.0/../../../../avr/lib/avr5/memx-const\libc.a(exit.o)
                0x0000000000002f70                __simulator_exit
